===== INICIANDO ASSISTENTE JURÍDICO Mon May 19 21:13:55 UTC 2025 =====
Verificando dependências...
Requirement already satisfied: psutil in /usr/local/lib/python3.10/site-packages (7.0.0)
WARNING: Running pip as the 'root' user can result in broken permissions and conflicting behaviour with the system package manager, possibly rendering your system unusable. It is recommended to use a virtual environment instead: https://pip.pypa.io/warnings/venv. Use the --root-user-action option if you know what you are doing and want to suppress this warning.
Verificando diretórios...
Verificando modelo tinyllama-cpu.gguf...
Verificando banco de dados...
Configurando variáveis de ambiente...
Iniciando servidor Python...
2025-05-19 21:14:09,024 - faiss.loader - INFO - Loading faiss.
2025-05-19 21:14:09,053 - faiss.loader - INFO - Successfully loaded faiss.
2025-05-19 21:14:09,058 - faiss - INFO - Failed to load GPU Faiss: name 'GpuIndexIVFFlat' is not defined. Will not load constructor refs for GPU indexes. This is only an error if you're trying to use GPU Faiss.
2025-05-19 21:14:11,111 - sentence_transformers.SentenceTransformer - INFO - Load pretrained SentenceTransformer: sentence-transformers/all-MiniLM-L6-v2
[2025-05-19 21:14:18 +0000] [13] [INFO] Starting gunicorn 23.0.0
[2025-05-19 21:14:18 +0000] [13] [INFO] Listening at: http://0.0.0.0:7861 (13)
[2025-05-19 21:14:18 +0000] [13] [INFO] Using worker: gthread
[2025-05-19 21:14:18 +0000] [22] [INFO] Booting worker with pid: 22
===== INICIANDO ASSISTENTE JURÍDICO Mon May 19 22:19:51 UTC 2025 =====
Verificando dependências...
Requirement already satisfied: psutil in /usr/local/lib/python3.10/site-packages (7.0.0)
WARNING: Running pip as the 'root' user can result in broken permissions and conflicting behaviour with the system package manager, possibly rendering your system unusable. It is recommended to use a virtual environment instead: https://pip.pypa.io/warnings/venv. Use the --root-user-action option if you know what you are doing and want to suppress this warning.
Verificando diretórios...
Verificando modelo tinyllama-cpu.gguf...
Verificando banco de dados...
Configurando variáveis de ambiente...
Iniciando servidor Python...
2025-05-19 22:20:07,124 - faiss.loader - INFO - Loading faiss.
2025-05-19 22:20:07,182 - faiss.loader - INFO - Successfully loaded faiss.
2025-05-19 22:20:07,191 - faiss - INFO - Failed to load GPU Faiss: name 'GpuIndexIVFFlat' is not defined. Will not load constructor refs for GPU indexes. This is only an error if you're trying to use GPU Faiss.
2025-05-19 22:20:09,871 - sentence_transformers.SentenceTransformer - INFO - Load pretrained SentenceTransformer: sentence-transformers/all-MiniLM-L6-v2
[2025-05-19 22:20:16 +0000] [13] [INFO] Starting gunicorn 23.0.0
[2025-05-19 22:20:16 +0000] [13] [INFO] Listening at: http://0.0.0.0:7861 (13)
[2025-05-19 22:20:16 +0000] [13] [INFO] Using worker: gthread
[2025-05-19 22:20:16 +0000] [22] [INFO] Booting worker with pid: 22
===== INICIANDO ASSISTENTE JURÍDICO Mon May 19 22:42:57 UTC 2025 =====
Criando diretórios necessários...
Verificando dependências...
Requirement already satisfied: psutil in /usr/local/lib/python3.10/site-packages (7.0.0)
Requirement already satisfied: gunicorn in /usr/local/lib/python3.10/site-packages (23.0.0)
Requirement already satisfied: packaging in /usr/local/lib/python3.10/site-packages (from gunicorn) (24.2)
WARNING: Running pip as the 'root' user can result in broken permissions and conflicting behaviour with the system package manager, possibly rendering your system unusable. It is recommended to use a virtual environment instead: https://pip.pypa.io/warnings/venv. Use the --root-user-action option if you know what you are doing and want to suppress this warning.
Iniciando servidor Python...
2025-05-19 22:43:13,326 - faiss.loader - INFO - Loading faiss.
2025-05-19 22:43:13,373 - faiss.loader - INFO - Successfully loaded faiss.
2025-05-19 22:43:13,378 - faiss - INFO - Failed to load GPU Faiss: name 'GpuIndexIVFFlat' is not defined. Will not load constructor refs for GPU indexes. This is only an error if you're trying to use GPU Faiss.
2025-05-19 22:43:15,528 - sentence_transformers.SentenceTransformer - INFO - Load pretrained SentenceTransformer: sentence-transformers/all-MiniLM-L6-v2
Traceback (most recent call last):
  File "<string>", line 1, in <module>
  File "/app/main.py", line 3, in <module>
    from llm_loader import get_llm_instance
  File "/app/llm_loader.py", line 22, in <module>
    file_handler = logging.handlers.RotatingFileHandler(
AttributeError: module 'logging' has no attribute 'handlers'. Did you mean: '_handlers'?
===== INICIANDO ASSISTENTE JURÍDICO Mon May 19 22:43:21 UTC 2025 =====
Criando diretórios necessários...
Verificando dependências...
Requirement already satisfied: psutil in /usr/local/lib/python3.10/site-packages (7.0.0)
Requirement already satisfied: gunicorn in /usr/local/lib/python3.10/site-packages (23.0.0)
Requirement already satisfied: packaging in /usr/local/lib/python3.10/site-packages (from gunicorn) (24.2)
WARNING: Running pip as the 'root' user can result in broken permissions and conflicting behaviour with the system package manager, possibly rendering your system unusable. It is recommended to use a virtual environment instead: https://pip.pypa.io/warnings/venv. Use the --root-user-action option if you know what you are doing and want to suppress this warning.
Iniciando servidor Python...
2025-05-19 22:43:32,661 - faiss.loader - INFO - Loading faiss.
2025-05-19 22:43:32,684 - faiss.loader - INFO - Successfully loaded faiss.
2025-05-19 22:43:32,689 - faiss - INFO - Failed to load GPU Faiss: name 'GpuIndexIVFFlat' is not defined. Will not load constructor refs for GPU indexes. This is only an error if you're trying to use GPU Faiss.
2025-05-19 22:43:34,391 - sentence_transformers.SentenceTransformer - INFO - Load pretrained SentenceTransformer: sentence-transformers/all-MiniLM-L6-v2
Traceback (most recent call last):
  File "<string>", line 1, in <module>
  File "/app/main.py", line 3, in <module>
    from llm_loader import get_llm_instance
  File "/app/llm_loader.py", line 22, in <module>
    file_handler = logging.handlers.RotatingFileHandler(
AttributeError: module 'logging' has no attribute 'handlers'. Did you mean: '_handlers'?
===== INICIANDO ASSISTENTE JURÍDICO Mon May 19 22:43:39 UTC 2025 =====
Criando diretórios necessários...
Verificando dependências...
Requirement already satisfied: psutil in /usr/local/lib/python3.10/site-packages (7.0.0)
Requirement already satisfied: gunicorn in /usr/local/lib/python3.10/site-packages (23.0.0)
Requirement already satisfied: packaging in /usr/local/lib/python3.10/site-packages (from gunicorn) (24.2)
WARNING: Running pip as the 'root' user can result in broken permissions and conflicting behaviour with the system package manager, possibly rendering your system unusable. It is recommended to use a virtual environment instead: https://pip.pypa.io/warnings/venv. Use the --root-user-action option if you know what you are doing and want to suppress this warning.
Iniciando servidor Python...
2025-05-19 22:43:52,984 - faiss.loader - INFO - Loading faiss.
2025-05-19 22:43:53,007 - faiss.loader - INFO - Successfully loaded faiss.
2025-05-19 22:43:53,013 - faiss - INFO - Failed to load GPU Faiss: name 'GpuIndexIVFFlat' is not defined. Will not load constructor refs for GPU indexes. This is only an error if you're trying to use GPU Faiss.
2025-05-19 22:43:54,465 - sentence_transformers.SentenceTransformer - INFO - Load pretrained SentenceTransformer: sentence-transformers/all-MiniLM-L6-v2
Traceback (most recent call last):
  File "<string>", line 1, in <module>
  File "/app/main.py", line 3, in <module>
    from llm_loader import get_llm_instance
  File "/app/llm_loader.py", line 22, in <module>
    file_handler = logging.handlers.RotatingFileHandler(
AttributeError: module 'logging' has no attribute 'handlers'. Did you mean: '_handlers'?
===== INICIANDO ASSISTENTE JURÍDICO Mon May 19 22:44:01 UTC 2025 =====
Criando diretórios necessários...
Verificando dependências...
Requirement already satisfied: psutil in /usr/local/lib/python3.10/site-packages (7.0.0)
Requirement already satisfied: gunicorn in /usr/local/lib/python3.10/site-packages (23.0.0)
Requirement already satisfied: packaging in /usr/local/lib/python3.10/site-packages (from gunicorn) (24.2)
WARNING: Running pip as the 'root' user can result in broken permissions and conflicting behaviour with the system package manager, possibly rendering your system unusable. It is recommended to use a virtual environment instead: https://pip.pypa.io/warnings/venv. Use the --root-user-action option if you know what you are doing and want to suppress this warning.
Iniciando servidor Python...
2025-05-19 22:44:12,341 - faiss.loader - INFO - Loading faiss.
2025-05-19 22:44:12,366 - faiss.loader - INFO - Successfully loaded faiss.
2025-05-19 22:44:12,371 - faiss - INFO - Failed to load GPU Faiss: name 'GpuIndexIVFFlat' is not defined. Will not load constructor refs for GPU indexes. This is only an error if you're trying to use GPU Faiss.
2025-05-19 22:44:14,518 - sentence_transformers.SentenceTransformer - INFO - Load pretrained SentenceTransformer: sentence-transformers/all-MiniLM-L6-v2
Traceback (most recent call last):
  File "<string>", line 1, in <module>
  File "/app/main.py", line 3, in <module>
    from llm_loader import get_llm_instance
  File "/app/llm_loader.py", line 22, in <module>
    file_handler = logging.handlers.RotatingFileHandler(
AttributeError: module 'logging' has no attribute 'handlers'. Did you mean: '_handlers'?
===== INICIANDO ASSISTENTE JURÍDICO Mon May 19 22:44:21 UTC 2025 =====
Criando diretórios necessários...
Verificando dependências...
Requirement already satisfied: psutil in /usr/local/lib/python3.10/site-packages (7.0.0)
Requirement already satisfied: gunicorn in /usr/local/lib/python3.10/site-packages (23.0.0)
Requirement already satisfied: packaging in /usr/local/lib/python3.10/site-packages (from gunicorn) (24.2)
WARNING: Running pip as the 'root' user can result in broken permissions and conflicting behaviour with the system package manager, possibly rendering your system unusable. It is recommended to use a virtual environment instead: https://pip.pypa.io/warnings/venv. Use the --root-user-action option if you know what you are doing and want to suppress this warning.
Iniciando servidor Python...
2025-05-19 22:44:34,019 - faiss.loader - INFO - Loading faiss.
2025-05-19 22:44:34,044 - faiss.loader - INFO - Successfully loaded faiss.
2025-05-19 22:44:34,049 - faiss - INFO - Failed to load GPU Faiss: name 'GpuIndexIVFFlat' is not defined. Will not load constructor refs for GPU indexes. This is only an error if you're trying to use GPU Faiss.
2025-05-19 22:44:35,548 - sentence_transformers.SentenceTransformer - INFO - Load pretrained SentenceTransformer: sentence-transformers/all-MiniLM-L6-v2
Traceback (most recent call last):
  File "<string>", line 1, in <module>
  File "/app/main.py", line 3, in <module>
    from llm_loader import get_llm_instance
  File "/app/llm_loader.py", line 22, in <module>
    file_handler = logging.handlers.RotatingFileHandler(
AttributeError: module 'logging' has no attribute 'handlers'. Did you mean: '_handlers'?
===== INICIANDO ASSISTENTE JURÍDICO Mon May 19 22:44:39 UTC 2025 =====
Criando diretórios necessários...
Verificando dependências...
Requirement already satisfied: psutil in /usr/local/lib/python3.10/site-packages (7.0.0)
Requirement already satisfied: gunicorn in /usr/local/lib/python3.10/site-packages (23.0.0)
Requirement already satisfied: packaging in /usr/local/lib/python3.10/site-packages (from gunicorn) (24.2)
WARNING: Running pip as the 'root' user can result in broken permissions and conflicting behaviour with the system package manager, possibly rendering your system unusable. It is recommended to use a virtual environment instead: https://pip.pypa.io/warnings/venv. Use the --root-user-action option if you know what you are doing and want to suppress this warning.
Iniciando servidor Python...
2025-05-19 22:44:50,024 - faiss.loader - INFO - Loading faiss.
2025-05-19 22:44:50,046 - faiss.loader - INFO - Successfully loaded faiss.
2025-05-19 22:44:50,052 - faiss - INFO - Failed to load GPU Faiss: name 'GpuIndexIVFFlat' is not defined. Will not load constructor refs for GPU indexes. This is only an error if you're trying to use GPU Faiss.
2025-05-19 22:44:52,103 - sentence_transformers.SentenceTransformer - INFO - Load pretrained SentenceTransformer: sentence-transformers/all-MiniLM-L6-v2
Traceback (most recent call last):
  File "<string>", line 1, in <module>
  File "/app/main.py", line 3, in <module>
    from llm_loader import get_llm_instance
  File "/app/llm_loader.py", line 22, in <module>
    file_handler = logging.handlers.RotatingFileHandler(
AttributeError: module 'logging' has no attribute 'handlers'. Did you mean: '_handlers'?
===== INICIANDO ASSISTENTE JURÍDICO Mon May 19 22:44:56 UTC 2025 =====
Criando diretórios necessários...
Verificando dependências...
Requirement already satisfied: psutil in /usr/local/lib/python3.10/site-packages (7.0.0)
Requirement already satisfied: gunicorn in /usr/local/lib/python3.10/site-packages (23.0.0)
Requirement already satisfied: packaging in /usr/local/lib/python3.10/site-packages (from gunicorn) (24.2)
WARNING: Running pip as the 'root' user can result in broken permissions and conflicting behaviour with the system package manager, possibly rendering your system unusable. It is recommended to use a virtual environment instead: https://pip.pypa.io/warnings/venv. Use the --root-user-action option if you know what you are doing and want to suppress this warning.
Iniciando servidor Python...
2025-05-19 22:45:07,139 - faiss.loader - INFO - Loading faiss.
2025-05-19 22:45:07,162 - faiss.loader - INFO - Successfully loaded faiss.
2025-05-19 22:45:07,167 - faiss - INFO - Failed to load GPU Faiss: name 'GpuIndexIVFFlat' is not defined. Will not load constructor refs for GPU indexes. This is only an error if you're trying to use GPU Faiss.
2025-05-19 22:45:09,058 - sentence_transformers.SentenceTransformer - INFO - Load pretrained SentenceTransformer: sentence-transformers/all-MiniLM-L6-v2
Traceback (most recent call last):
  File "<string>", line 1, in <module>
  File "/app/main.py", line 3, in <module>
    from llm_loader import get_llm_instance
  File "/app/llm_loader.py", line 22, in <module>
    file_handler = logging.handlers.RotatingFileHandler(
AttributeError: module 'logging' has no attribute 'handlers'. Did you mean: '_handlers'?
===== INICIANDO ASSISTENTE JURÍDICO Mon May 19 22:45:13 UTC 2025 =====
Criando diretórios necessários...
Verificando dependências...
Requirement already satisfied: psutil in /usr/local/lib/python3.10/site-packages (7.0.0)
Requirement already satisfied: gunicorn in /usr/local/lib/python3.10/site-packages (23.0.0)
Requirement already satisfied: packaging in /usr/local/lib/python3.10/site-packages (from gunicorn) (24.2)
WARNING: Running pip as the 'root' user can result in broken permissions and conflicting behaviour with the system package manager, possibly rendering your system unusable. It is recommended to use a virtual environment instead: https://pip.pypa.io/warnings/venv. Use the --root-user-action option if you know what you are doing and want to suppress this warning.
Iniciando servidor Python...
2025-05-19 22:45:24,050 - faiss.loader - INFO - Loading faiss.
2025-05-19 22:45:24,075 - faiss.loader - INFO - Successfully loaded faiss.
2025-05-19 22:45:24,080 - faiss - INFO - Failed to load GPU Faiss: name 'GpuIndexIVFFlat' is not defined. Will not load constructor refs for GPU indexes. This is only an error if you're trying to use GPU Faiss.
2025-05-19 22:45:25,564 - sentence_transformers.SentenceTransformer - INFO - Load pretrained SentenceTransformer: sentence-transformers/all-MiniLM-L6-v2
Traceback (most recent call last):
  File "<string>", line 1, in <module>
  File "/app/main.py", line 3, in <module>
    from llm_loader import get_llm_instance
  File "/app/llm_loader.py", line 22, in <module>
    file_handler = logging.handlers.RotatingFileHandler(
AttributeError: module 'logging' has no attribute 'handlers'. Did you mean: '_handlers'?
===== INICIANDO ASSISTENTE JURÍDICO Mon May 19 22:45:29 UTC 2025 =====
Criando diretórios necessários...
Verificando dependências...
Requirement already satisfied: psutil in /usr/local/lib/python3.10/site-packages (7.0.0)
Requirement already satisfied: gunicorn in /usr/local/lib/python3.10/site-packages (23.0.0)
Requirement already satisfied: packaging in /usr/local/lib/python3.10/site-packages (from gunicorn) (24.2)
WARNING: Running pip as the 'root' user can result in broken permissions and conflicting behaviour with the system package manager, possibly rendering your system unusable. It is recommended to use a virtual environment instead: https://pip.pypa.io/warnings/venv. Use the --root-user-action option if you know what you are doing and want to suppress this warning.
Iniciando servidor Python...
2025-05-19 22:45:39,535 - faiss.loader - INFO - Loading faiss.
2025-05-19 22:45:39,566 - faiss.loader - INFO - Successfully loaded faiss.
2025-05-19 22:45:39,573 - faiss - INFO - Failed to load GPU Faiss: name 'GpuIndexIVFFlat' is not defined. Will not load constructor refs for GPU indexes. This is only an error if you're trying to use GPU Faiss.
2025-05-19 22:45:41,081 - sentence_transformers.SentenceTransformer - INFO - Load pretrained SentenceTransformer: sentence-transformers/all-MiniLM-L6-v2
Traceback (most recent call last):
  File "<string>", line 1, in <module>
  File "/app/main.py", line 3, in <module>
    from llm_loader import get_llm_instance
  File "/app/llm_loader.py", line 22, in <module>
    file_handler = logging.handlers.RotatingFileHandler(
AttributeError: module 'logging' has no attribute 'handlers'. Did you mean: '_handlers'?
===== INICIANDO ASSISTENTE JURÍDICO Mon May 19 22:45:47 UTC 2025 =====
Criando diretórios necessários...
Verificando dependências...
Requirement already satisfied: psutil in /usr/local/lib/python3.10/site-packages (7.0.0)
Requirement already satisfied: gunicorn in /usr/local/lib/python3.10/site-packages (23.0.0)
Requirement already satisfied: packaging in /usr/local/lib/python3.10/site-packages (from gunicorn) (24.2)
WARNING: Running pip as the 'root' user can result in broken permissions and conflicting behaviour with the system package manager, possibly rendering your system unusable. It is recommended to use a virtual environment instead: https://pip.pypa.io/warnings/venv. Use the --root-user-action option if you know what you are doing and want to suppress this warning.
Iniciando servidor Python...
2025-05-19 22:45:57,260 - faiss.loader - INFO - Loading faiss.
2025-05-19 22:45:57,283 - faiss.loader - INFO - Successfully loaded faiss.
2025-05-19 22:45:57,288 - faiss - INFO - Failed to load GPU Faiss: name 'GpuIndexIVFFlat' is not defined. Will not load constructor refs for GPU indexes. This is only an error if you're trying to use GPU Faiss.
2025-05-19 22:45:58,725 - sentence_transformers.SentenceTransformer - INFO - Load pretrained SentenceTransformer: sentence-transformers/all-MiniLM-L6-v2
Traceback (most recent call last):
  File "<string>", line 1, in <module>
  File "/app/main.py", line 3, in <module>
    from llm_loader import get_llm_instance
  File "/app/llm_loader.py", line 22, in <module>
    file_handler = logging.handlers.RotatingFileHandler(
AttributeError: module 'logging' has no attribute 'handlers'. Did you mean: '_handlers'?
===== INICIANDO ASSISTENTE JURÍDICO Mon May 19 22:46:02 UTC 2025 =====
Criando diretórios necessários...
Verificando dependências...
Requirement already satisfied: psutil in /usr/local/lib/python3.10/site-packages (7.0.0)
Requirement already satisfied: gunicorn in /usr/local/lib/python3.10/site-packages (23.0.0)
Requirement already satisfied: packaging in /usr/local/lib/python3.10/site-packages (from gunicorn) (24.2)
WARNING: Running pip as the 'root' user can result in broken permissions and conflicting behaviour with the system package manager, possibly rendering your system unusable. It is recommended to use a virtual environment instead: https://pip.pypa.io/warnings/venv. Use the --root-user-action option if you know what you are doing and want to suppress this warning.
Iniciando servidor Python...
2025-05-19 22:46:13,699 - faiss.loader - INFO - Loading faiss.
2025-05-19 22:46:13,736 - faiss.loader - INFO - Successfully loaded faiss.
2025-05-19 22:46:13,746 - faiss - INFO - Failed to load GPU Faiss: name 'GpuIndexIVFFlat' is not defined. Will not load constructor refs for GPU indexes. This is only an error if you're trying to use GPU Faiss.
2025-05-19 22:46:16,441 - sentence_transformers.SentenceTransformer - INFO - Load pretrained SentenceTransformer: sentence-transformers/all-MiniLM-L6-v2
Traceback (most recent call last):
  File "<string>", line 1, in <module>
  File "/app/main.py", line 3, in <module>
    from llm_loader import get_llm_instance
  File "/app/llm_loader.py", line 22, in <module>
    file_handler = logging.handlers.RotatingFileHandler(
AttributeError: module 'logging' has no attribute 'handlers'. Did you mean: '_handlers'?
